
> cardilla.io@0.1.0 build
> react-scripts build

node.exe : 'react-scripts' is not recognized as an internal or external 
command,
At line:1 char:1
+ & "C:\Program Files\nodejs/node.exe" "C:\Users\Deepjyoti Bodo\AppData ...
+ ~~~~~~~~~~~~~~~~~~~~~~~~~~~~~~~~~~~~~~~~~~~~~~~~~~~~~~~~~~~~~~~~~~~~~
    + CategoryInfo          : NotSpecified: ('react-scripts'...ternal command, 
   :String) [], RemoteException
    + FullyQualifiedErrorId : NativeCommandError
 
operable program or batch file.
